
[1m[46m RUN [49m[22m [36mv4.1.0 [39m[90mC:/Users/Visitante/Desktop/Projectos de Github/Portf-lio/frontend[39m

node.exe : Not implemented: Window's scrollTo() method
No linha:1 caractere:1
+ & "C:\Program Files\nodejs/node.exe" "C:\Program Files\nodejs/node_mo ...
+ ~~~~~~~~~~~~~~~~~~~~~~~~~~~~~~~~~~~~~~~~~~~~~~~~~~~~~~~~~~~~~~~~~~~~~
    + CategoryInfo          : NotSpecified: (Not implemented...rollTo() method:String) [], RemoteException
    + FullyQualifiedErrorId : NativeCommandError
 
[90mstderr[2m | src/tests/App.test.tsx[2m > [22m[2mApp Component[2m > [22m[2mrenders without crashing and 
displays the Navbar
[22m[39mAn error occurred in the <KpiStrip> component.

Consider adding an error boundary to your tree to customize error handling behavior.
Visit https://react.dev/link/error-boundaries to learn more about error boundaries.


 [31mÔØ»[39m src/tests/App.test.tsx [2m([22m[2m1 test[22m[2m | [22m[31m1 failed[39m[2m)[22m[33m 1103[2mms[22m[39m
[31m     [31m├ù[31m renders without crashing and displays the Navbar[39m[33m 1098[2mms[22m[39m

[31mÔÄ»ÔÄ»ÔÄ»ÔÄ»ÔÄ»ÔÄ»ÔÄ»[39m[1m[41m Failed Tests 1 [49m[22m[31mÔÄ»ÔÄ»ÔÄ»ÔÄ»ÔÄ»ÔÄ»ÔÄ»[39m

[41m[1m FAIL [22m[49m src/tests/App.test.tsx[2m > [22mApp Component[2m > [22mrenders without crashing and 
displays the Navbar
[31m[1mTestingLibraryElementError[22m: Unable to find an element with the text: /Portfolio\./i. This could be 
because the text is broken up by multiple elements. In this case, you can provide a function for your text matcher to 
make your matcher more flexible.

Ignored nodes: comments, script, style
[36m<body>[31m
  [36m<div />[31m
[36m</body>[31m

Ignored nodes: comments, script, style
[36m<body>[31m
  [36m<div />[31m
[36m</body>[31m[39m
[90m [2mÔØ»[22m waitForWrapper node_modules/@testing-library/dom/dist/wait-for.js:[2m163:27[22m[39m
[90m [2mÔØ»[22m node_modules/@testing-library/dom/dist/query-helpers.js:[2m86:33[22m[39m
[36m [2mÔØ»[22m src/tests/App.test.tsx:[2m33:40[22m[39m
    [90m 31|[39m     // Using findAllByText() waits for async state updates triggered bÔÇª
    [90m 32|[39m     [90m// preventing React's "not wrapped in act(...)" warnings.[39m
    [90m 33|[39m     [35mconst[39m brandElements [33m=[39m [35mawait[39m 
screen[33m.[39m[34mfindAllByText[39m([36m/Portfolio\./i[39m)[33m;[39m
    [90m   |[39m                                        [31m^[39m
    [90m 34|[39m     
[34mexpect[39m(brandElements[33m.[39mlength)[33m.[39m[34mtoBeGreaterThan[39m([34m0[39m)[33m;[39m
    [90m 35|[39m   })[33m;[39m

[31m[2mÔÄ»ÔÄ»ÔÄ»ÔÄ»ÔÄ»ÔÄ»ÔÄ»ÔÄ»ÔÄ»ÔÄ»ÔÄ»ÔÄ»ÔÄ»ÔÄ»ÔÄ»ÔÄ»ÔÄ»ÔÄ»ÔÄ»ÔÄ»ÔÄ»ÔÄ»ÔÄ»ÔÄ»[1/1]ÔÄ»[22m[39m

[31mÔÄ»ÔÄ»ÔÄ»ÔÄ»ÔÄ»ÔÄ»[39m[1m[41m Unhandled Errors [49m[22m[31mÔÄ»ÔÄ»ÔÄ»ÔÄ»ÔÄ»ÔÄ»[39m
[31m[1m
Vitest caught 1 unhandled error during the test run.
This might cause false positive tests. Resolve unhandled errors to make sure your tests are not affected.[22m[39m

[31mÔÄ»ÔÄ»ÔÄ»ÔÄ»ÔÄ»[39m[1m[41m Uncaught Exception [49m[22m[31mÔÄ»ÔÄ»ÔÄ»ÔÄ»ÔÄ»[39m
[31m[1mReferenceError[22m: t is not defined[39m
[36m [2mÔØ»[22m KpiStrip src/components/Hero.tsx:[2m99:44[22m[39m
    [90m 97|[39m     {
    [90m 98|[39m       label[33m:[39m [32m'Status'[39m[33m,[39m
    [90m 99|[39m       value[33m:[39m [34mt[39m([32m`metrics.status.[39m[36m${[39mstatus[36m}[39m[32m`[39
m)[33m.[39m[34mtoUpperCase[39m()[33m,[39m
    [90m   |[39m                                            [31m^[39m
    [90m100|[39m       className[33m:[39m statusColor[status][33m,[39m
    [90m101|[39m       delta[33m:[39m [35mnull[39m[33m,[39m
[90m [2mÔØ»[22m Object.react_stack_bottom_frame 
node_modules/react-dom/cjs/react-dom-client.development.js:[2m25904:20[22m[39m
[90m [2mÔØ»[22m renderWithHooks node_modules/react-dom/cjs/react-dom-client.development.js:[2m7662:22[22m[39m
[90m [2mÔØ»[22m updateFunctionComponent 
node_modules/react-dom/cjs/react-dom-client.development.js:[2m10166:19[22m[39m
[90m [2mÔØ»[22m beginWork node_modules/react-dom/cjs/react-dom-client.development.js:[2m11778:18[22m[39m
[90m [2mÔØ»[22m runWithFiberInDEV node_modules/react-dom/cjs/react-dom-client.development.js:[2m874:13[22m[39m
[90m [2mÔØ»[22m performUnitOfWork node_modules/react-dom/cjs/react-dom-client.development.js:[2m17641:22[22m[39m
[90m [2mÔØ»[22m workLoopSync node_modules/react-dom/cjs/react-dom-client.development.js:[2m17469:41[22m[39m
[90m [2mÔØ»[22m renderRootSync node_modules/react-dom/cjs/react-dom-client.development.js:[2m17450:11[22m[39m
[90m [2mÔØ»[22m performWorkOnRoot node_modules/react-dom/cjs/react-dom-client.development.js:[2m16583:35[22m[39m

[31mThis error originated in "[1msrc/tests/App.test.tsx[22m" test file. It doesn't mean the error was thrown inside 
the file itself, but while it was running.[39m
[31mThe latest test that might've caused the error is "[1mrenders without crashing and displays the Navbar[22m". It 
might mean one of the following:
- The error was thrown, while Vitest was running this test.
- If the error occurred after the test had been completed, this was the last documented test before it was thrown.[39m
[31mÔÄ»ÔÄ»ÔÄ»ÔÄ»ÔÄ»ÔÄ»ÔÄ»ÔÄ»ÔÄ»ÔÄ»ÔÄ»ÔÄ»ÔÄ»ÔÄ»ÔÄ»ÔÄ»ÔÄ»ÔÄ»ÔÄ»ÔÄ»ÔÄ»ÔÄ»ÔÄ»ÔÄ»ÔÄ»ÔÄ»ÔÄ»ÔÄ»ÔÄ»ÔÄ»[39m


[2m Test Files [22m [1m[31m1 failed[39m[22m[90m (1)[39m
[2m      Tests [22m [1m[31m1 failed[39m[22m[90m (1)[39m
[2m     Errors [22m [1m[31m1 error[39m[22m
[2m   Start at [22m 21:07:24
[2m   Duration [22m 3.47s[2m (transform 1.05s, setup 178ms, import 858ms, tests 1.10s, environment 1.11s)[22m

